// Jest Snapshot v1, https://goo.gl/fbAQLP

exports[`ProductImageSlide ProductImageSlide renders correctly 1`] = `
.c0 {
  display: -webkit-box;
  display: -webkit-flex;
  display: -ms-flexbox;
  display: flex;
  -webkit-box-pack: center;
  -webkit-justify-content: center;
  -ms-flex-pack: center;
  justify-content: center;
  background-color: #FFF;
}

.c1 {
  max-width: 330pt;
}

.c1 img {
  width: 100%;
}

<div
  className="c0 swiper-slide"
>
  <div
    className="c1"
  >
    <img
      src="https://devdocs.magento.com/assets/i/magento-logo.svg"
    />
  </div>
</div>
`;
